// Vitest Snapshot v1, https://vitest.dev/guide/snapshot.html

exports[`AddSupplierButton defaults 1`] = `
"<a href="/redirects/add_supplier_token_init?redirect=https://example.com/" x-data="{
        redirect(accepted) {
            if (accepted) window.location.href = &#34;/redirects/add_supplier_token_init?redirect=https://example.com/&#34;
        },
        show_become_supplier_disclaimer() {
            show_confirm_dialog({
                title: 'Become a supplier',
                partial: '/partials/become_supplier_dialog/',
            }).then( (accepted) => this.redirect(accepted) )
        }
    }" x-on:click.prevent="show_become_supplier_disclaimer" data-size="sm" style="--button_background_color: var(--green); --button_color: var(--fleet-yellow)" data-astro-cid-r5e2wo56="true" class="[ button ]"> <div class="flex-inline" data-astro-cid-r5e2wo56="true" data-astro-cid-ud5fqf5k style="--flex_inline_gap: var(--space-xs);--flex_inline_justification: center;">   Add supplier entity  </div>   </a> "
`;
