// Vitest Snapshot v1, https://vitest.dev/guide/snapshot.html

exports[`BadgeAlpine defaults 1`] = `"<div class="fixed-fluid [ items-center w-full ]" data-astro-cid-ngcwkgb6="true" data-mod data-astro-cid-34go4nvk style="--fixed_fluid_gap: var(--space-s);--fixed_fluid_width: 64px;--fixed_fluid_breakpoint: 50%;">  <picture x-bind:class="typeof border != typeof undefined ? 'border' : ''" data-astro-cid-ngcwkgb6> <img x-bind:src="image" width="64" height="64" data-astro-cid-ngcwkgb6> </picture> <div class="flex-block gap-0" data-astro-cid-ngcwkgb6="true" data-mod style="--flex_block_gap: 0;">  <span x-bind:class="highlight ? 'highlight' : ''" x-text="title" data-astro-cid-ngcwkgb6></span> <template x-if="typeof subtitle != typeof undefined" data-astro-cid-ngcwkgb6> <small x-text="subtitle" data-astro-cid-ngcwkgb6></small> </template>  </div>   </div>   "`;
