// Vitest Snapshot v1, https://vitest.dev/guide/snapshot.html

exports[`ButtonAddPrimary defaults 1`] = `
"<button type="button" x-data="{
        add_primary_pilot(accepted) {
            if (accepted) window.location.href = &#34;/redirects/add_primary_character_init?redirect=https://example.com/&#34;
        },
        show_add_pilot_disclaimer() {
            show_alert_dialog({
                title: 'undefined',
                partial: '/partials/add_primary_pilot_dialog_disclaimer/?is_main=true',
            }).then( (accepted) => this.add_primary_pilot(accepted) )
        }
    }" x-on:click="show_add_pilot_disclaimer" data-size="lg" style="--button_background_color: var(--fleet-red); --button_color: var(--fleet-yellow)" disabled x-init="$el.removeAttribute(&#34;disabled&#34;)" data-astro-cid-r5e2wo56="true" class="[ button ]"> <div class="flex-inline" data-astro-cid-r5e2wo56="true" data-astro-cid-ud5fqf5k style="--flex_inline_gap: var(--space-xs);--flex_inline_justification: center;">       </div>   </button> "
`;
