// Vitest Snapshot v1, https://vitest.dev/guide/snapshot.html

exports[`CharacterPicture defaults 1`] = `
"<picture data-astro-cid-hwwa7zih> <img loading="lazy" height="64" width="64" src="mock-picture-src" x-bind:src="765 ? get_player_icon(765) : 'mock-picture-src'" alt="Profile picture of chicklet" x-bind:alt="\`Profile picture of \${(false ? false : &#34;chicklet&#34;)}\`" x-data="{
            show_character_modal() {
                if (!765 &#38;&#38; 42 == 0)
                    return

                show_modal({
                    partial: '/partials/character_modal_component/?character_id='+(765 ? 765 : '42'),
                })
            }
        }" x-on:click.stop.prevent="show_character_modal()" data-astro-cid-hwwa7zih> </picture> "
`;
