// Vitest Snapshot v1, https://vitest.dev/guide/snapshot.html

exports[`ComponentBlock defaults 1`] = `"<div class="wrapper [ card component ] light-transparency" data-mod data-astro-cid-yv35cmqx style="--wrapper_padding_inline: var(--space-l-xl);--wrapper_padding_inline_end: var(--space-l-xl);--wrapper_padding_block: var(--component-padding-block);--wrapper_max_width: 100%;">  slotted chick  </div>  "`;
