// Vitest Snapshot v1, https://vitest.dev/guide/snapshot.html

exports[`CorporationPicture defaults 1`] = `
"<picture data-astro-cid-46xf6egu> <img loading="lazy" height="64" width="64" src="https://images.evetech.net/corporations/undefined/logo?size=64" x-bind:src="false ? get_corporation_logo(false) : 'https://images.evetech.net/corporations/undefined/logo?size=64'" alt="Profile picture of death chick" x-bind:alt="\`Profile picture of \${(false ? false : &#34;death chick&#34;)}\`" x-data="{
            show_corporation_modal() {
                if (!false &#38;&#38; undefined == 0)
                    return

                show_modal({
                    partial: '/partials/corporation_modal_component/?corporation_id=undefined',
                })
            }
        }" x-on:click.stop.prevent="show_corporation_modal()" data-astro-cid-46xf6egu> </picture> "
`;
