// Vitest Snapshot v1, https://vitest.dev/guide/snapshot.html

exports[`CorporationItem defaults 1`] = `
"<div class="fixed-fluid [ corporation-item items-center ]" id="corporation-item-2345" x-data="{
        corporation_item_init() {
            
        }
    }" x-init="corporation_item_init()" data-astro-cid-cn6tudgz="true" data-mod data-astro-cid-34go4nvk style="--fixed_fluid_gap: var(--space-s);--fixed_fluid_width: 64px;--fixed_fluid_breakpoint: 50%;">  <picture class="[ border ]" data-astro-cid-cn6tudgz> <img loading="lazy" src="https://images.evetech.net/corporations/2345/logo?size=64" width="64" height="64" alt="undefined corporation logo" data-astro-cid-cn6tudgz> </picture> <div class="flex-inline [ items-center ]" data-astro-cid-cn6tudgz="true" data-astro-cid-ud5fqf5k style="--flex_inline_gap: var(--space-s);--flex_inline_justification: space-between;">  <div class="flex-block [ grow basis-[220px] ] gap-0" data-astro-cid-cn6tudgz="true" data-mod style="--flex_block_gap: 0;">  <span class="[ text-[var(--highlight)] ]" data-astro-cid-cn6tudgz>  </span>  </div>  <div id="corporation-status-2345" x-data="{
        init() {
            
        }
    }"> <div class="flex-block [ button-stack ] gap---space-2xs" data-mod style="--flex_block_gap: var(--space-2xs);">    </div>   </div>  </div>    </div>   "
`;
