// Vitest Snapshot v1, https://vitest.dev/guide/snapshot.html

exports[`CorporationMembersBlock defaults 1`] = `
"<div x-data="{
        show_corporation() {
            return (&#34;2356&#34; in corporations_filtered) &#38;&#38; corporations_filtered[2356].length > 0
        },
        get_members_count() {
            if (&#34;2356&#34; in corporations_filtered_members_count)
                return corporations_filtered_members_count[2356]

            return 0
        }
    }" x-show="show_corporation()"> ComponentBlockHeader_component </div>"
`;
